2 ./hist_rootfiles/FHC/checkout_prodgenie_numi_newflux_run1_fhc_nu_overlay.root 1
15 ./hist_rootfiles/FHC/checkout_data_numi_run1_FHC.root 2
3 ./hist_rootfiles/FHC/checkout_data_extnumi_run1_fhc.root 3
4 ./hist_rootfiles/FHC/checkout_prodgenie_run1_fhc_dirt.root 4
2 ./hist_rootfiles/FHC/checkout_prodgenie_numi_newflux_run2_fhc_nu_overlay.root 5
15 ./hist_rootfiles/FHC/checkout_data_numi_run2_FHC.root 6
3 ./hist_rootfiles/FHC/checkout_data_extnumi_run2_fhc.root 7
4 ./hist_rootfiles/FHC/checkout_prodgenie_run2_fhc_dirt.root 8
2 ./hist_rootfiles/FHC/checkout_prodgenie_numi_newflux_run4c_fhc_nu_overlay.root 9
15 ./hist_rootfiles/FHC/checkout_run4c_fhc_beamon.root 10
3 ./hist_rootfiles/FHC/checkout_run4c_fhc_beamoff.root 11
4 ./hist_rootfiles/FHC/checkout_prodgenie_run4c_fhc_dirt.root 12
2 ./hist_rootfiles/FHC/checkout_prodgenie_numi_newflux_run4d_fhc_nu_overlay.root 13
15 ./hist_rootfiles/FHC/checkout_run4d_fhc_beamon.root.root 14
3 ./hist_rootfiles/FHC/checkout_run4d_fhc_beamoff.root 15
4 ./hist_rootfiles/FHC/checkout_prodgenie_run4d_fhc_dirt.root 16
2 ./hist_rootfiles/FHC/checkout_prodgenie_numi_newflux_run5_fhc_nu_overlay.root 17
15 ./hist_rootfiles/FHC/checkout_run5_fhc_beamon.root 18
3 ./hist_rootfiles/FHC/checkout_run5_fhc_beamoff.root 19
4 ./hist_rootfiles/FHC/checkout_prodgenie_run5_fhc_dirt.root 20
-1 end -1
Error in <TTree::SetBranchAddress>: unknown branch -> truth_daughters
Error in <TTree::SetBranchAddress>: unknown branch -> reco_daughters
Total POT: 2.28059e+21 external POT: 0
                         : Booking "wwang_numu_numubar_BDT_FHC_others" of type "BDT" from bdt_weights/wwang_numu_numubar_BDT_FHC_others.xml.
                         : Reading weight file: bdt_weights/wwang_numu_numubar_BDT_FHC_others.xml
                         : Booked classifier "BDT" of type: "BDT"
                         : Booking "wwang_numu_numubar_BDT_FHC_numuCC" of type "BDT" from bdt_weights/wwang_numu_numubar_BDT_FHC_numuCC.xml.
                         : Reading weight file: bdt_weights/wwang_numu_numubar_BDT_FHC_numuCC.xml
                         : Booked classifier "BDT" of type: "BDT"
                         : Booking "wwang_numu_numubar_BDT_FHC_numubarCC" of type "BDT" from bdt_weights/wwang_numu_numubar_BDT_FHC_numubarCC.xml.
                         : Reading weight file: bdt_weights/wwang_numu_numubar_BDT_FHC_numubarCC.xml
                         : Booked classifier "BDT" of type: "BDT"
                         : Booking "wwang_numu_numubar_BDT_RHC_others" of type "BDT" from bdt_weights/wwang_numu_numubar_BDT_RHC_others.xml.
                         : Reading weight file: bdt_weights/wwang_numu_numubar_BDT_RHC_others.xml
                         : Booked classifier "BDT" of type: "BDT"
                         : Booking "wwang_numu_numubar_BDT_RHC_numuCC" of type "BDT" from bdt_weights/wwang_numu_numubar_BDT_RHC_numuCC.xml.
                         : Reading weight file: bdt_weights/wwang_numu_numubar_BDT_RHC_numuCC.xml
                         : Booked classifier "BDT" of type: "BDT"
                         : Booking "wwang_numu_numubar_BDT_RHC_numubarCC" of type "BDT" from bdt_weights/wwang_numu_numubar_BDT_RHC_numubarCC.xml.
                         : Reading weight file: bdt_weights/wwang_numu_numubar_BDT_RHC_numubarCC.xml
                         : Booked classifier "BDT" of type: "BDT"
 Fetched my BDT 
Total entries: 690625
WWANG_BDT_DEBUG raw_others=0.936593 raw_numu=-0.939339 raw_numubar=-0.243298 p_others=0.684686 p_numu=0.104902 p_numubar=0.210412 score=-1.94855 Num_Proton=0 Num_Gamma=1 Num_Muon=1 Num_Electron=1 cos_theta=0.956606 numu_1_score=0 numu_cc_3_track_length=0 numu_cc_3_max_length_all=0 cosmict_2_dQ_dx_front=0 cosmict_2_dQ_dx_end=0 cosmict_2_angle_beam=0 cosmict_2_phi=0 numu_cc_3_max_length=0 numu_cc_3_max_muon_length=0 has_reco_michel=0
WWANG_BDT_DEBUG raw_others=0.936593 raw_numu=-0.939339 raw_numubar=-0.243298 p_others=0.684686 p_numu=0.104902 p_numubar=0.210412 score=-1.94855 Num_Proton=0 Num_Gamma=1 Num_Muon=1 Num_Electron=1 cos_theta=0.956606 numu_1_score=0 numu_cc_3_track_length=0 numu_cc_3_max_length_all=0 cosmict_2_dQ_dx_front=0 cosmict_2_dQ_dx_end=0 cosmict_2_angle_beam=0 cosmict_2_phi=0 numu_cc_3_max_length=0 numu_cc_3_max_muon_length=0 has_reco_michel=0
WWANG_BDT_DEBUG raw_others=0.936593 raw_numu=-0.939339 raw_numubar=-0.243298 p_others=0.684686 p_numu=0.104902 p_numubar=0.210412 score=-1.94855 Num_Proton=0 Num_Gamma=1 Num_Muon=1 Num_Electron=1 cos_theta=0.956606 numu_1_score=0 numu_cc_3_track_length=0 numu_cc_3_max_length_all=0 cosmict_2_dQ_dx_front=0 cosmict_2_dQ_dx_end=0 cosmict_2_angle_beam=0 cosmict_2_phi=0 numu_cc_3_max_length=0 numu_cc_3_max_muon_length=0 has_reco_michel=0
WWANG_BDT_DEBUG raw_others=0.936593 raw_numu=-0.939339 raw_numubar=-0.243298 p_others=0.684686 p_numu=0.104902 p_numubar=0.210412 score=-1.94855 Num_Proton=0 Num_Gamma=1 Num_Muon=1 Num_Electron=1 cos_theta=0.956606 numu_1_score=0 numu_cc_3_track_length=0 numu_cc_3_max_length_all=0 cosmict_2_dQ_dx_front=0 cosmict_2_dQ_dx_end=0 cosmict_2_angle_beam=0 cosmict_2_phi=0 numu_cc_3_max_length=0 numu_cc_3_max_muon_length=0 has_reco_michel=0
WWANG_BDT_DEBUG raw_others=0.936593 raw_numu=-0.939339 raw_numubar=-0.243298 p_others=0.684686 p_numu=0.104902 p_numubar=0.210412 score=-1.94855 Num_Proton=0 Num_Gamma=1 Num_Muon=1 Num_Electron=1 cos_theta=0.956606 numu_1_score=0 numu_cc_3_track_length=0 numu_cc_3_max_length_all=0 cosmict_2_dQ_dx_front=0 cosmict_2_dQ_dx_end=0 cosmict_2_angle_beam=0 cosmict_2_phi=0 numu_cc_3_max_length=0 numu_cc_3_max_muon_length=0 has_reco_michel=0
WWANG_BDT_DEBUG raw_others=0.936593 raw_numu=-0.939339 raw_numubar=-0.243298 p_others=0.684686 p_numu=0.104902 p_numubar=0.210412 score=-1.94855 Num_Proton=0 Num_Gamma=1 Num_Muon=1 Num_Electron=1 cos_theta=0.956606 numu_1_score=0 numu_cc_3_track_length=0 numu_cc_3_max_length_all=0 cosmict_2_dQ_dx_front=0 cosmict_2_dQ_dx_end=0 cosmict_2_angle_beam=0 cosmict_2_phi=0 numu_cc_3_max_length=0 numu_cc_3_max_muon_length=0 has_reco_michel=0
WWANG_BDT_DEBUG raw_others=0.879098 raw_numu=-0.774168 raw_numubar=-0.562032 p_others=0.700239 p_numu=0.134042 p_numubar=0.165719 score=-2.06904 Num_Proton=0 Num_Gamma=2 Num_Muon=0 Num_Electron=0 cos_theta=-0.804925 numu_1_score=0 numu_cc_3_track_length=0 numu_cc_3_max_length_all=0 cosmict_2_dQ_dx_front=0 cosmict_2_dQ_dx_end=0 cosmict_2_angle_beam=0 cosmict_2_phi=0 numu_cc_3_max_length=0 numu_cc_3_max_muon_length=0 has_reco_michel=0
WWANG_BDT_DEBUG raw_others=0.879098 raw_numu=-0.774168 raw_numubar=-0.562032 p_others=0.700239 p_numu=0.134042 p_numubar=0.165719 score=-2.06904 Num_Proton=0 Num_Gamma=2 Num_Muon=0 Num_Electron=0 cos_theta=-0.804925 numu_1_score=0 numu_cc_3_track_length=0 numu_cc_3_max_length_all=0 cosmict_2_dQ_dx_front=0 cosmict_2_dQ_dx_end=0 cosmict_2_angle_beam=0 cosmict_2_phi=0 numu_cc_3_max_length=0 numu_cc_3_max_muon_length=0 has_reco_michel=0
WWANG_BDT_DEBUG raw_others=0.879098 raw_numu=-0.774168 raw_numubar=-0.562032 p_others=0.700239 p_numu=0.134042 p_numubar=0.165719 score=-2.06904 Num_Proton=0 Num_Gamma=2 Num_Muon=0 Num_Electron=0 cos_theta=-0.804925 numu_1_score=0 numu_cc_3_track_length=0 numu_cc_3_max_length_all=0 cosmict_2_dQ_dx_front=0 cosmict_2_dQ_dx_end=0 cosmict_2_angle_beam=0 cosmict_2_phi=0 numu_cc_3_max_length=0 numu_cc_3_max_muon_length=0 has_reco_michel=0
WWANG_BDT_DEBUG raw_others=0.879098 raw_numu=-0.774168 raw_numubar=-0.562032 p_others=0.700239 p_numu=0.134042 p_numubar=0.165719 score=-2.06904 Num_Proton=0 Num_Gamma=2 Num_Muon=0 Num_Electron=0 cos_theta=-0.804925 numu_1_score=0 numu_cc_3_track_length=0 numu_cc_3_max_length_all=0 cosmict_2_dQ_dx_front=0 cosmict_2_dQ_dx_end=0 cosmict_2_angle_beam=0 cosmict_2_phi=0 numu_cc_3_max_length=0 numu_cc_3_max_muon_length=0 has_reco_michel=0
WWANG_BDT_DEBUG raw_others=0.879098 raw_numu=-0.774168 raw_numubar=-0.562032 p_others=0.700239 p_numu=0.134042 p_numubar=0.165719 score=-2.06904 Num_Proton=0 Num_Gamma=2 Num_Muon=0 Num_Electron=0 cos_theta=-0.804925 numu_1_score=0 numu_cc_3_track_length=0 numu_cc_3_max_length_all=0 cosmict_2_dQ_dx_front=0 cosmict_2_dQ_dx_end=0 cosmict_2_angle_beam=0 cosmict_2_phi=0 numu_cc_3_max_length=0 numu_cc_3_max_muon_length=0 has_reco_michel=0
WWANG_BDT_DEBUG raw_others=0.879098 raw_numu=-0.774168 raw_numubar=-0.562032 p_others=0.700239 p_numu=0.134042 p_numubar=0.165719 score=-2.06904 Num_Proton=0 Num_Gamma=2 Num_Muon=0 Num_Electron=0 cos_theta=-0.804925 numu_1_score=0 numu_cc_3_track_length=0 numu_cc_3_max_length_all=0 cosmict_2_dQ_dx_front=0 cosmict_2_dQ_dx_end=0 cosmict_2_angle_beam=0 cosmict_2_phi=0 numu_cc_3_max_length=0 numu_cc_3_max_muon_length=0 has_reco_michel=0
WWANG_BDT_DEBUG raw_others=0.921748 raw_numu=-0.351449 raw_numubar=-0.908302 p_others=0.69428 p_numu=0.194353 p_numubar=0.111366 score=-2.16583 Num_Proton=2 Num_Gamma=1 Num_Muon=1 Num_Electron=0 cos_theta=0.338998 numu_1_score=0 numu_cc_3_track_length=0 numu_cc_3_max_length_all=0 cosmict_2_dQ_dx_front=0 cosmict_2_dQ_dx_end=0 cosmict_2_angle_beam=0 cosmict_2_phi=0 numu_cc_3_max_length=0 numu_cc_3_max_muon_length=0 has_reco_michel=0
WWANG_BDT_DEBUG raw_others=0.921748 raw_numu=-0.351449 raw_numubar=-0.908302 p_others=0.69428 p_numu=0.194353 p_numubar=0.111366 score=-2.16583 Num_Proton=2 Num_Gamma=1 Num_Muon=1 Num_Electron=0 cos_theta=0.338998 numu_1_score=0 numu_cc_3_track_length=0 numu_cc_3_max_length_all=0 cosmict_2_dQ_dx_front=0 cosmict_2_dQ_dx_end=0 cosmict_2_angle_beam=0 cosmict_2_phi=0 numu_cc_3_max_length=0 numu_cc_3_max_muon_length=0 has_reco_michel=0
WWANG_BDT_DEBUG raw_others=0.921748 raw_numu=-0.351449 raw_numubar=-0.908302 p_others=0.69428 p_numu=0.194353 p_numubar=0.111366 score=-2.16583 Num_Proton=2 Num_Gamma=1 Num_Muon=1 Num_Electron=0 cos_theta=0.338998 numu_1_score=0 numu_cc_3_track_length=0 numu_cc_3_max_length_all=0 cosmict_2_dQ_dx_front=0 cosmict_2_dQ_dx_end=0 cosmict_2_angle_beam=0 cosmict_2_phi=0 numu_cc_3_max_length=0 numu_cc_3_max_muon_length=0 has_reco_michel=0
WWANG_BDT_DEBUG raw_others=0.921748 raw_numu=-0.351449 raw_numubar=-0.908302 p_others=0.69428 p_numu=0.194353 p_numubar=0.111366 score=-2.16583 Num_Proton=2 Num_Gamma=1 Num_Muon=1 Num_Electron=0 cos_theta=0.338998 numu_1_score=0 numu_cc_3_track_length=0 numu_cc_3_max_length_all=0 cosmict_2_dQ_dx_front=0 cosmict_2_dQ_dx_end=0 cosmict_2_angle_beam=0 cosmict_2_phi=0 numu_cc_3_max_length=0 numu_cc_3_max_muon_length=0 has_reco_michel=0
WWANG_BDT_DEBUG raw_others=0.921748 raw_numu=-0.351449 raw_numubar=-0.908302 p_others=0.69428 p_numu=0.194353 p_numubar=0.111366 score=-2.16583 Num_Proton=2 Num_Gamma=1 Num_Muon=1 Num_Electron=0 cos_theta=0.338998 numu_1_score=0 numu_cc_3_track_length=0 numu_cc_3_max_length_all=0 cosmict_2_dQ_dx_front=0 cosmict_2_dQ_dx_end=0 cosmict_2_angle_beam=0 cosmict_2_phi=0 numu_cc_3_max_length=0 numu_cc_3_max_muon_length=0 has_reco_michel=0
WWANG_BDT_DEBUG raw_others=0.921748 raw_numu=-0.351449 raw_numubar=-0.908302 p_others=0.69428 p_numu=0.194353 p_numubar=0.111366 score=-2.16583 Num_Proton=2 Num_Gamma=1 Num_Muon=1 Num_Electron=0 cos_theta=0.338998 numu_1_score=0 numu_cc_3_track_length=0 numu_cc_3_max_length_all=0 cosmict_2_dQ_dx_front=0 cosmict_2_dQ_dx_end=0 cosmict_2_angle_beam=0 cosmict_2_phi=0 numu_cc_3_max_length=0 numu_cc_3_max_muon_length=0 has_reco_michel=0
WWANG_BDT_DEBUG raw_others=0.912879 raw_numu=-0.211739 raw_numubar=-0.93674 p_others=0.67473 p_numu=0.219137 p_numubar=0.106133 score=-2.13719 Num_Proton=2 Num_Gamma=0 Num_Muon=1 Num_Electron=0 cos_theta=0.0381558 numu_1_score=0 numu_cc_3_track_length=0 numu_cc_3_max_length_all=0 cosmict_2_dQ_dx_front=0 cosmict_2_dQ_dx_end=0 cosmict_2_angle_beam=0 cosmict_2_phi=0 numu_cc_3_max_length=0 numu_cc_3_max_muon_length=0 has_reco_michel=0
WWANG_BDT_DEBUG raw_others=0.912879 raw_numu=-0.211739 raw_numubar=-0.93674 p_others=0.67473 p_numu=0.219137 p_numubar=0.106133 score=-2.13719 Num_Proton=2 Num_Gamma=0 Num_Muon=1 Num_Electron=0 cos_theta=0.0381558 numu_1_score=0 numu_cc_3_track_length=0 numu_cc_3_max_length_all=0 cosmict_2_dQ_dx_front=0 cosmict_2_dQ_dx_end=0 cosmict_2_angle_beam=0 cosmict_2_phi=0 numu_cc_3_max_length=0 numu_cc_3_max_muon_length=0 has_reco_michel=0
WWANG_BDT_DEBUG raw_others=0.912879 raw_numu=-0.211739 raw_numubar=-0.93674 p_others=0.67473 p_numu=0.219137 p_numubar=0.106133 score=-2.13719 Num_Proton=2 Num_Gamma=0 Num_Muon=1 Num_Electron=0 cos_theta=0.0381558 numu_1_score=0 numu_cc_3_track_length=0 numu_cc_3_max_length_all=0 cosmict_2_dQ_dx_front=0 cosmict_2_dQ_dx_end=0 cosmict_2_angle_beam=0 cosmict_2_phi=0 numu_cc_3_max_length=0 numu_cc_3_max_muon_length=0 has_reco_michel=0
WWANG_BDT_DEBUG raw_others=0.912879 raw_numu=-0.211739 raw_numubar=-0.93674 p_others=0.67473 p_numu=0.219137 p_numubar=0.106133 score=-2.13719 Num_Proton=2 Num_Gamma=0 Num_Muon=1 Num_Electron=0 cos_theta=0.0381558 numu_1_score=0 numu_cc_3_track_length=0 numu_cc_3_max_length_all=0 cosmict_2_dQ_dx_front=0 cosmict_2_dQ_dx_end=0 cosmict_2_angle_beam=0 cosmict_2_phi=0 numu_cc_3_max_length=0 numu_cc_3_max_muon_length=0 has_reco_michel=0
WWANG_BDT_DEBUG raw_others=0.912879 raw_numu=-0.211739 raw_numubar=-0.93674 p_others=0.67473 p_numu=0.219137 p_numubar=0.106133 score=-2.13719 Num_Proton=2 Num_Gamma=0 Num_Muon=1 Num_Electron=0 cos_theta=0.0381558 numu_1_score=0 numu_cc_3_track_length=0 numu_cc_3_max_length_all=0 cosmict_2_dQ_dx_front=0 cosmict_2_dQ_dx_end=0 cosmict_2_angle_beam=0 cosmict_2_phi=0 numu_cc_3_max_length=0 numu_cc_3_max_muon_length=0 has_reco_michel=0
WWANG_BDT_DEBUG raw_others=0.912879 raw_numu=-0.211739 raw_numubar=-0.93674 p_others=0.67473 p_numu=0.219137 p_numubar=0.106133 score=-2.13719 Num_Proton=2 Num_Gamma=0 Num_Muon=1 Num_Electron=0 cos_theta=0.0381558 numu_1_score=0 numu_cc_3_track_length=0 numu_cc_3_max_length_all=0 cosmict_2_dQ_dx_front=0 cosmict_2_dQ_dx_end=0 cosmict_2_angle_beam=0 cosmict_2_phi=0 numu_cc_3_max_length=0 numu_cc_3_max_muon_length=0 has_reco_michel=0
WWANG_BDT_DEBUG raw_others=0.826279 raw_numu=-0.556513 raw_numubar=-0.55791 p_others=0.666043 p_numu=0.167095 p_numubar=0.166862 score=-1.99836 Num_Proton=0 Num_Gamma=0 Num_Muon=0 Num_Electron=0 cos_theta=-0.804336 numu_1_score=0 numu_cc_3_track_length=0 numu_cc_3_max_length_all=0 cosmict_2_dQ_dx_front=0 cosmict_2_dQ_dx_end=0 cosmict_2_angle_beam=0 cosmict_2_phi=0 numu_cc_3_max_length=0 numu_cc_3_max_muon_length=0 has_reco_michel=0
WWANG_BDT_DEBUG raw_others=0.826279 raw_numu=-0.556513 raw_numubar=-0.55791 p_others=0.666043 p_numu=0.167095 p_numubar=0.166862 score=-1.99836 Num_Proton=0 Num_Gamma=0 Num_Muon=0 Num_Electron=0 cos_theta=-0.804336 numu_1_score=0 numu_cc_3_track_length=0 numu_cc_3_max_length_all=0 cosmict_2_dQ_dx_front=0 cosmict_2_dQ_dx_end=0 cosmict_2_angle_beam=0 cosmict_2_phi=0 numu_cc_3_max_length=0 numu_cc_3_max_muon_length=0 has_reco_michel=0
WWANG_BDT_DEBUG raw_others=0.826279 raw_numu=-0.556513 raw_numubar=-0.55791 p_others=0.666043 p_numu=0.167095 p_numubar=0.166862 score=-1.99836 Num_Proton=0 Num_Gamma=0 Num_Muon=0 Num_Electron=0 cos_theta=-0.804336 numu_1_score=0 numu_cc_3_track_length=0 numu_cc_3_max_length_all=0 cosmict_2_dQ_dx_front=0 cosmict_2_dQ_dx_end=0 cosmict_2_angle_beam=0 cosmict_2_phi=0 numu_cc_3_max_length=0 numu_cc_3_max_muon_length=0 has_reco_michel=0
WWANG_BDT_DEBUG raw_others=0.826279 raw_numu=-0.556513 raw_numubar=-0.55791 p_others=0.666043 p_numu=0.167095 p_numubar=0.166862 score=-1.99836 Num_Proton=0 Num_Gamma=0 Num_Muon=0 Num_Electron=0 cos_theta=-0.804336 numu_1_score=0 numu_cc_3_track_length=0 numu_cc_3_max_length_all=0 cosmict_2_dQ_dx_front=0 cosmict_2_dQ_dx_end=0 cosmict_2_angle_beam=0 cosmict_2_phi=0 numu_cc_3_max_length=0 numu_cc_3_max_muon_length=0 has_reco_michel=0
WWANG_BDT_DEBUG raw_others=0.826279 raw_numu=-0.556513 raw_numubar=-0.55791 p_others=0.666043 p_numu=0.167095 p_numubar=0.166862 score=-1.99836 Num_Proton=0 Num_Gamma=0 Num_Muon=0 Num_Electron=0 cos_theta=-0.804336 numu_1_score=0 numu_cc_3_track_length=0 numu_cc_3_max_length_all=0 cosmict_2_dQ_dx_front=0 cosmict_2_dQ_dx_end=0 cosmict_2_angle_beam=0 cosmict_2_phi=0 numu_cc_3_max_length=0 numu_cc_3_max_muon_length=0 has_reco_michel=0
WWANG_BDT_DEBUG raw_others=0.826279 raw_numu=-0.556513 raw_numubar=-0.55791 p_others=0.666043 p_numu=0.167095 p_numubar=0.166862 score=-1.99836 Num_Proton=0 Num_Gamma=0 Num_Muon=0 Num_Electron=0 cos_theta=-0.804336 numu_1_score=0 numu_cc_3_track_length=0 numu_cc_3_max_length_all=0 cosmict_2_dQ_dx_front=0 cosmict_2_dQ_dx_end=0 cosmict_2_angle_beam=0 cosmict_2_phi=0 numu_cc_3_max_length=0 numu_cc_3_max_muon_length=0 has_reco_michel=0
WWANG_BDT_DEBUG raw_others=0.958825 raw_numu=-0.908778 raw_numubar=-0.142972 p_others=0.6726 p_numu=0.103912 p_numubar=0.223487 score=-1.89823 Num_Proton=0 Num_Gamma=4 Num_Muon=0 Num_Electron=2 cos_theta=-0.80466 numu_1_score=0 numu_cc_3_track_length=0 numu_cc_3_max_length_all=0 cosmict_2_dQ_dx_front=0 cosmict_2_dQ_dx_end=0 cosmict_2_angle_beam=0 cosmict_2_phi=0 numu_cc_3_max_length=0 numu_cc_3_max_muon_length=0 has_reco_michel=0
WWANG_BDT_DEBUG raw_others=0.958825 raw_numu=-0.908778 raw_numubar=-0.142972 p_others=0.6726 p_numu=0.103912 p_numubar=0.223487 score=-1.89823 Num_Proton=0 Num_Gamma=4 Num_Muon=0 Num_Electron=2 cos_theta=-0.80466 numu_1_score=0 numu_cc_3_track_length=0 numu_cc_3_max_length_all=0 cosmict_2_dQ_dx_front=0 cosmict_2_dQ_dx_end=0 cosmict_2_angle_beam=0 cosmict_2_phi=0 numu_cc_3_max_length=0 numu_cc_3_max_muon_length=0 has_reco_michel=0
WWANG_BDT_DEBUG raw_others=0.958825 raw_numu=-0.908778 raw_numubar=-0.142972 p_others=0.6726 p_numu=0.103912 p_numubar=0.223487 score=-1.89823 Num_Proton=0 Num_Gamma=4 Num_Muon=0 Num_Electron=2 cos_theta=-0.80466 numu_1_score=0 numu_cc_3_track_length=0 numu_cc_3_max_length_all=0 cosmict_2_dQ_dx_front=0 cosmict_2_dQ_dx_end=0 cosmict_2_angle_beam=0 cosmict_2_phi=0 numu_cc_3_max_length=0 numu_cc_3_max_muon_length=0 has_reco_michel=0
WWANG_BDT_DEBUG raw_others=0.958825 raw_numu=-0.908778 raw_numubar=-0.142972 p_others=0.6726 p_numu=0.103912 p_numubar=0.223487 score=-1.89823 Num_Proton=0 Num_Gamma=4 Num_Muon=0 Num_Electron=2 cos_theta=-0.80466 numu_1_score=0 numu_cc_3_track_length=0 numu_cc_3_max_length_all=0 cosmict_2_dQ_dx_front=0 cosmict_2_dQ_dx_end=0 cosmict_2_angle_beam=0 cosmict_2_phi=0 numu_cc_3_max_length=0 numu_cc_3_max_muon_length=0 has_reco_michel=0
WWANG_BDT_DEBUG raw_others=0.958825 raw_numu=-0.908778 raw_numubar=-0.142972 p_others=0.6726 p_numu=0.103912 p_numubar=0.223487 score=-1.89823 Num_Proton=0 Num_Gamma=4 Num_Muon=0 Num_Electron=2 cos_theta=-0.80466 numu_1_score=0 numu_cc_3_track_length=0 numu_cc_3_max_length_all=0 cosmict_2_dQ_dx_front=0 cosmict_2_dQ_dx_end=0 cosmict_2_angle_beam=0 cosmict_2_phi=0 numu_cc_3_max_length=0 numu_cc_3_max_muon_length=0 has_reco_michel=0
WWANG_BDT_DEBUG raw_others=0.958825 raw_numu=-0.908778 raw_numubar=-0.142972 p_others=0.6726 p_numu=0.103912 p_numubar=0.223487 score=-1.89823 Num_Proton=0 Num_Gamma=4 Num_Muon=0 Num_Electron=2 cos_theta=-0.80466 numu_1_score=0 numu_cc_3_track_length=0 numu_cc_3_max_length_all=0 cosmict_2_dQ_dx_front=0 cosmict_2_dQ_dx_end=0 cosmict_2_angle_beam=0 cosmict_2_phi=0 numu_cc_3_max_length=0 numu_cc_3_max_muon_length=0 has_reco_michel=0
WWANG_BDT_DEBUG raw_others=0.858209 raw_numu=-0.575093 raw_numubar=-0.694754 p_others=0.689589 p_numu=0.164481 p_numubar=0.145931 score=-2.08732 Num_Proton=0 Num_Gamma=0 Num_Muon=1 Num_Electron=0 cos_theta=0.247265 numu_1_score=0 numu_cc_3_track_length=0 numu_cc_3_max_length_all=0 cosmict_2_dQ_dx_front=0 cosmict_2_dQ_dx_end=0 cosmict_2_angle_beam=0 cosmict_2_phi=0 numu_cc_3_max_length=0 numu_cc_3_max_muon_length=0 has_reco_michel=0
WWANG_BDT_DEBUG raw_others=0.858209 raw_numu=-0.575093 raw_numubar=-0.694754 p_others=0.689589 p_numu=0.164481 p_numubar=0.145931 score=-2.08732 Num_Proton=0 Num_Gamma=0 Num_Muon=1 Num_Electron=0 cos_theta=0.247265 numu_1_score=0 numu_cc_3_track_length=0 numu_cc_3_max_length_all=0 cosmict_2_dQ_dx_front=0 cosmict_2_dQ_dx_end=0 cosmict_2_angle_beam=0 cosmict_2_phi=0 numu_cc_3_max_length=0 numu_cc_3_max_muon_length=0 has_reco_michel=0
WWANG_BDT_DEBUG raw_others=0.858209 raw_numu=-0.575093 raw_numubar=-0.694754 p_others=0.689589 p_numu=0.164481 p_numubar=0.145931 score=-2.08732 Num_Proton=0 Num_Gamma=0 Num_Muon=1 Num_Electron=0 cos_theta=0.247265 numu_1_score=0 numu_cc_3_track_length=0 numu_cc_3_max_length_all=0 cosmict_2_dQ_dx_front=0 cosmict_2_dQ_dx_end=0 cosmict_2_angle_beam=0 cosmict_2_phi=0 numu_cc_3_max_length=0 numu_cc_3_max_muon_length=0 has_reco_michel=0
WWANG_BDT_DEBUG raw_others=0.858209 raw_numu=-0.575093 raw_numubar=-0.694754 p_others=0.689589 p_numu=0.164481 p_numubar=0.145931 score=-2.08732 Num_Proton=0 Num_Gamma=0 Num_Muon=1 Num_Electron=0 cos_theta=0.247265 numu_1_score=0 numu_cc_3_track_length=0 numu_cc_3_max_length_all=0 cosmict_2_dQ_dx_front=0 cosmict_2_dQ_dx_end=0 cosmict_2_angle_beam=0 cosmict_2_phi=0 numu_cc_3_max_length=0 numu_cc_3_max_muon_length=0 has_reco_michel=0
WWANG_BDT_DEBUG raw_others=0.858209 raw_numu=-0.575093 raw_numubar=-0.694754 p_others=0.689589 p_numu=0.164481 p_numubar=0.145931 score=-2.08732 Num_Proton=0 Num_Gamma=0 Num_Muon=1 Num_Electron=0 cos_theta=0.247265 numu_1_score=0 numu_cc_3_track_length=0 numu_cc_3_max_length_all=0 cosmict_2_dQ_dx_front=0 cosmict_2_dQ_dx_end=0 cosmict_2_angle_beam=0 cosmict_2_phi=0 numu_cc_3_max_length=0 numu_cc_3_max_muon_length=0 has_reco_michel=0
WWANG_BDT_DEBUG raw_others=0.858209 raw_numu=-0.575093 raw_numubar=-0.694754 p_others=0.689589 p_numu=0.164481 p_numubar=0.145931 score=-2.08732 Num_Proton=0 Num_Gamma=0 Num_Muon=1 Num_Electron=0 cos_theta=0.247265 numu_1_score=0 numu_cc_3_track_length=0 numu_cc_3_max_length_all=0 cosmict_2_dQ_dx_front=0 cosmict_2_dQ_dx_end=0 cosmict_2_angle_beam=0 cosmict_2_phi=0 numu_cc_3_max_length=0 numu_cc_3_max_muon_length=0 has_reco_michel=0
WWANG_BDT_DEBUG raw_others=0.826279 raw_numu=-0.556513 raw_numubar=-0.55791 p_others=0.666043 p_numu=0.167095 p_numubar=0.166862 score=-1.99836 Num_Proton=0 Num_Gamma=0 Num_Muon=0 Num_Electron=0 cos_theta=-0.805918 numu_1_score=0 numu_cc_3_track_length=0 numu_cc_3_max_length_all=0 cosmict_2_dQ_dx_front=0 cosmict_2_dQ_dx_end=0 cosmict_2_angle_beam=0 cosmict_2_phi=0 numu_cc_3_max_length=0 numu_cc_3_max_muon_length=0 has_reco_michel=0
WWANG_BDT_DEBUG raw_others=0.826279 raw_numu=-0.556513 raw_numubar=-0.55791 p_others=0.666043 p_numu=0.167095 p_numubar=0.166862 score=-1.99836 Num_Proton=0 Num_Gamma=0 Num_Muon=0 Num_Electron=0 cos_theta=-0.805918 numu_1_score=0 numu_cc_3_track_length=0 numu_cc_3_max_length_all=0 cosmict_2_dQ_dx_front=0 cosmict_2_dQ_dx_end=0 cosmict_2_angle_beam=0 cosmict_2_phi=0 numu_cc_3_max_length=0 numu_cc_3_max_muon_length=0 has_reco_michel=0
WWANG_BDT_DEBUG raw_others=0.826279 raw_numu=-0.556513 raw_numubar=-0.55791 p_others=0.666043 p_numu=0.167095 p_numubar=0.166862 score=-1.99836 Num_Proton=0 Num_Gamma=0 Num_Muon=0 Num_Electron=0 cos_theta=-0.805918 numu_1_score=0 numu_cc_3_track_length=0 numu_cc_3_max_length_all=0 cosmict_2_dQ_dx_front=0 cosmict_2_dQ_dx_end=0 cosmict_2_angle_beam=0 cosmict_2_phi=0 numu_cc_3_max_length=0 numu_cc_3_max_muon_length=0 has_reco_michel=0
WWANG_BDT_DEBUG raw_others=0.826279 raw_numu=-0.556513 raw_numubar=-0.55791 p_others=0.666043 p_numu=0.167095 p_numubar=0.166862 score=-1.99836 Num_Proton=0 Num_Gamma=0 Num_Muon=0 Num_Electron=0 cos_theta=-0.805918 numu_1_score=0 numu_cc_3_track_length=0 numu_cc_3_max_length_all=0 cosmict_2_dQ_dx_front=0 cosmict_2_dQ_dx_end=0 cosmict_2_angle_beam=0 cosmict_2_phi=0 numu_cc_3_max_length=0 numu_cc_3_max_muon_length=0 has_reco_michel=0
WWANG_BDT_DEBUG raw_others=0.826279 raw_numu=-0.556513 raw_numubar=-0.55791 p_others=0.666043 p_numu=0.167095 p_numubar=0.166862 score=-1.99836 Num_Proton=0 Num_Gamma=0 Num_Muon=0 Num_Electron=0 cos_theta=-0.805918 numu_1_score=0 numu_cc_3_track_length=0 numu_cc_3_max_length_all=0 cosmict_2_dQ_dx_front=0 cosmict_2_dQ_dx_end=0 cosmict_2_angle_beam=0 cosmict_2_phi=0 numu_cc_3_max_length=0 numu_cc_3_max_muon_length=0 has_reco_michel=0
WWANG_BDT_DEBUG raw_others=0.826279 raw_numu=-0.556513 raw_numubar=-0.55791 p_others=0.666043 p_numu=0.167095 p_numubar=0.166862 score=-1.99836 Num_Proton=0 Num_Gamma=0 Num_Muon=0 Num_Electron=0 cos_theta=-0.805918 numu_1_score=0 numu_cc_3_track_length=0 numu_cc_3_max_length_all=0 cosmict_2_dQ_dx_front=0 cosmict_2_dQ_dx_end=0 cosmict_2_angle_beam=0 cosmict_2_phi=0 numu_cc_3_max_length=0 numu_cc_3_max_muon_length=0 has_reco_michel=0
WWANG_BDT_DEBUG raw_others=0.929902 raw_numu=-0.787319 raw_numubar=-0.174431 p_others=0.661815 p_numu=0.118838 p_numubar=0.219347 score=-1.88494 Num_Proton=0 Num_Gamma=1 Num_Muon=0 Num_Electron=2 cos_theta=-0.804033 numu_1_score=0 numu_cc_3_track_length=0 numu_cc_3_max_length_all=0 cosmict_2_dQ_dx_front=0 cosmict_2_dQ_dx_end=0 cosmict_2_angle_beam=0 cosmict_2_phi=0 numu_cc_3_max_length=0 numu_cc_3_max_muon_length=0 has_reco_michel=0
WWANG_BDT_DEBUG raw_others=0.929902 raw_numu=-0.787319 raw_numubar=-0.174431 p_others=0.661815 p_numu=0.118838 p_numubar=0.219347 score=-1.88494 Num_Proton=0 Num_Gamma=1 Num_Muon=0 Num_Electron=2 cos_theta=-0.804033 numu_1_score=0 numu_cc_3_track_length=0 numu_cc_3_max_length_all=0 cosmict_2_dQ_dx_front=0 cosmict_2_dQ_dx_end=0 cosmict_2_angle_beam=0 cosmict_2_phi=0 numu_cc_3_max_length=0 numu_cc_3_max_muon_length=0 has_reco_michel=0
